stop 131446 (/root/logs/vllm_chall_r1078.pid)
reap done
wait free used_mib=0 iter=1
TRAIN_PID=134546
[r1083-lean] 2026-08-20T23:12:39Z start GPUs 6,7 SoftCtx MidRank Midβ HyperExtra MidLR
[r1083-lean] data_lines=604
[r1083-lean] wait VRAM6+7 used_mib=0 iter=1
{
  "utc": "2026-08-20T23:12:39Z",
  "axis": "r1083-vera-offline-dpo-hialpha-midrank-midbeta-softctx-hypersuperextrasteps-ep4-midlr",
  "base": "vera6/affine-5g4yy75zuz-t6@8e3f1695",
  "lr": "1e-6",
  "lora_r": 32,
  "lora_alpha": 128,
  "beta": 0.1,
  "max_len": 12288,
  "epochs": 4,
  "max_steps": 38400,
  "gpus": "6,7",
  "parent_signal": "R1078 ShortCtx MidRank Mid\u03b2 HyperExtra MidLR REFUTE m=-0.004523 ~-0.71\u00d7 thought\u2713185 B\u27130.481 k=3 \u2192 SoftCtx isolate (@12288); \u2260 ShortCtx R1078 / \u2260 SoftCtx Ultra MidLR R1023 / \u2260 SoftCtx Mega MidLR R1037 / \u2260 SoftCtx Mid\u03b2 Ultra HiLR R989 / \u2260 Online / \u2260 GRPO",
  "decision_rule": "Stage-5 iff fresh v4 n80 margin>max(2*SE,0.002) AND thought>=80 AND B>=0.30 vs reign36"
}
[r1083-lean] TRAIN launched pid=134546
[r1083-lean] waiters armed
134546 python3 /root/mining_src/s4-h138-f43-tok-dpo-l2/train_dpo.py --base /root/hf/hub/models--vera6--affine-5g4yy75zuz-t6/snapshots/8e3f1695e058837ed80fec3238ff439fdc2d0f0e --data /root/r1083/dpo_duel_reason.jsonl --out-dir /root/r1083/train --max-len 12288 --epochs 4 --lr 1e-6 --lora-r 32 --lora-alpha 128 --beta 0.1 --max-steps 38400
0, 167140 MiB
1, 167140 MiB
2, 134924 MiB
3, 134926 MiB
4, 160232 MiB
5, 160232 MiB
6, 0 MiB
7, 0 MiB
