[p3734-r702-launch] 2026-08-17T20:57:21Z VRAM6+7 used_mib=0 iter=1
[p3734-r702-launch] 2026-08-17T20:57:22Z tmp_avail_G=1016
[p3734-r702-launch] 2026-08-17T20:57:25Z TRAIN_UP pid=828063 iter=1
OUTER=828034 WAIT=828156 TRAIN=828063
=== lean_warm ===
[r702-lean] 2026-08-17T20:57:22Z start GPUs 6,7
[r702-lean] data_lines=604
[r702-lean] wait VRAM6+7 used_mib=0 iter=1
[r702] 2026-08-17T20:57:22Z examples=604 lr=1e-6 r=32 β=0.1 steps=10800 len=12288 ep=3 gpus=6,7
{
  "utc": "2026-08-17T20:57:22Z",
  "axis": "marsplan_offline_dpo_hialpha_midrank_midbeta_softctx_hyperextrasteps_ep3_lolr",
  "base": "/root/hf/hub/models--marsplan0624--affine-5gedzafcvg-queen/snapshots/556d02a2adfa9bd42a02de3c766f98be7e44ca46",
  "data": "/root/r702/dpo_duel_reason.jsonl",
  "examples": 604,
  "lr": "1e-6",
  "lora_r": 32,
  "lora_alpha": 128,
  "beta": 0.1,
  "max_steps": 10800,
  "max_len": 12288,
  "epochs": 3,
  "gpus": "6,7",
  "pid": 828063,
  "parent_signal": "R675 Soft MidRank MidBeta SoftCtx UltraExtra near-miss ~0.97x \u2014 transfer onto marsplan HyperExtra steps=10800 (\u2260 R701 marsplan Soft MidRank LoBeta SoftCtx HyperExtra; \u2260 R699 r252 Soft MidRank MidBeta SoftCtx HyperExtra; \u2260 R672 marsplan Soft MidRank LoBeta SoftCtx Mega 3600; \u2260 Online / \u2260 GRPO)",
  "decision_rule": "Stage-5 iff fresh n80 paired margin > max(2*SE, 0.002) AND median |z|>=80 AND B pass>=0.30 vs reign34 (v4 k=3)"
}
[r702] TRAIN_ARMED pid=828063
[r702-lean] 2026-08-17T20:57:22Z TRAIN launched pid=828063
=== gpu ===
index, memory.used [MiB], utilization.gpu [%]
0, 248750 MiB, 0 %
1, 248750 MiB, 0 %
2, 222838 MiB, 0 %
3, 222838 MiB, 0 %
4, 220380 MiB, 0 %
5, 220378 MiB, 0 %
6, 0 MiB, 0 %
7, 0 MiB, 0 %
    PID     ELAPSED CMD
 828063 441077233-23:41:20 python3 /root/mining_src/s4-h138-f43-tok-dpo-l2/train_dpo.py --base /root/hf/hub/models--marsplan0624--affine-5gedzafcvg-queen/snapshots/556d02a2adfa9bd42a02de3c766f98be7e44ca46 --data /root/r702/dpo_duel_reason.jsonl --out-dir /root/r702/train --max-len 12288 --epochs 3 --lr 1e-6 --lora-r 32 --lora-alpha 128 --beta 0.1 --max-steps 10800
[p3734-r702-launch] 2026-08-17T20:57:25Z DONE
