SOFT_DEADLINE_SET 2026-08-22T10:54:48Z
R1191_REBUILT_TAR /tmp/mine-r1191-stack.tar.gz
-rw-rw-r-- 1 const const 474K Aug 21 11:54 /tmp/mine-r1191-stack.tar.gz
Warning: Permanently added '[69.63.236.163]:40299' (ED25519) to the list of known hosts.
HF_OK unconst/Affine-5czsc2fc98-r1191-fullft
R1191_DEADLINES soft=2026-08-22T10:54:48Z dead=2026-08-22T11:24:48Z axis=vera_fullft king=vera6/affine-5g4yy75zuz-t6@8e3f1695e058837ed80fec3238ff439fdc2d0f0e
R1191_KNOBS lr=1e-6 max_len=8192
STACK_UPLOAD_OK
PIPELINE_PID=1253
FORM_PID=1256
[bootstrap-r1191] 2026-08-21T11:54:54Z start host=fd5de21b9f06
GPU 0: NVIDIA H200 (UUID: GPU-042f4cb2-c884-a675-a0e3-e0a9c8664567)
GPU 1: NVIDIA H200 (UUID: GPU-3354b9c5-c0cc-7d31-563c-bfa696131ddc)
GPU 2: NVIDIA H200 (UUID: GPU-807974e1-0935-2955-9784-8f537c210f9b)
GPU 3: NVIDIA H200 (UUID: GPU-225250ff-3c44-35c1-d463-229e9affbb74)
GPU 4: NVIDIA H200 (UUID: GPU-92822bb3-ef4f-6218-8dce-c69570a8a666)
GPU 5: NVIDIA H200 (UUID: GPU-4e39dd41-c4b7-1556-2e4d-2610e549c056)
GPU 6: NVIDIA H200 (UUID: GPU-422c4e7b-b40a-fab4-52e8-151b5630756d)
GPU 7: NVIDIA H200 (UUID: GPU-571387c0-3ca8-a01a-d310-7726aafd1f13)
[bootstrap-r1191] GPU_COUNT=8
downloading uv 0.12.5 x86_64-unknown-linux-gnu
installing to /root/.local/bin
  uv
  uvx
everything's installed!
Using CPython 3.12.3 interpreter at: /usr/bin/python3.12
Creating virtual environment at: venv
Activate with: source venv/bin/activate
    PID     ELAPSED CMD
   1253 441077229-05:58:24 bash /root/mining_src/s4-h121-f26-full-ft/bootstrap_h121.sh
8
UPLOAD_AND_LAUNCH_OK pod=mine-r1191-vera-fullft-1 2026-08-21T11:54:59Z
