stop 25653 (/root/logs/vllm_chall_r1052.pid)
reap done
wait free used_mib=0 iter=1
TRAIN_PID=28262
[r1086-lean] 2026-08-20T20:26:00Z start GPUs 6,7 ShortCtx HiRank Hiβ Hyper MidLR
[r1086-lean] data_lines=604
[r1086-lean] wait VRAM6+7 used_mib=0 iter=1
{
  "utc": "2026-08-20T20:26:00Z",
  "axis": "r1086-vera-offline-dpo-hialpha-hirank-hibeta-shortctx-hypersuperextrasteps-ep4-hilr",
  "base": "vera6/affine-5g4yy75zuz-t6@8e3f1695",
  "lr": "2e-6",
  "lora_r": 64,
  "lora_alpha": 128,
  "beta": 0.3,
  "max_len": 6144,
  "epochs": 4,
  "max_steps": 28800,
  "gpus": "6,7",
  "chall_port": 8003,
  "parent_signal": "R1052 ShortCtx HiRank Hi\u03b2 Ultra MidLR REFUTE m=-0.001866 ~-0.40\u00d7 thought\u2713152 B\u27130.397 k=3 \u2192 HiLR isolate",
  "decision_rule": "Stage-5 iff fresh v4 n80 margin>max(2*SE,0.002) AND thought>=80 AND B>=0.30 vs reign36"
}
[r1086-lean] TRAIN launched pid=28262
[r1086-lean] waiters armed
28262 python3 /root/mining_src/s4-h138-f43-tok-dpo-l2/train_dpo.py --base /root/hf/hub/models--vera6--affine-5g4yy75zuz-t6/snapshots/8e3f1695e058837ed80fec3238ff439fdc2d0f0e --data /root/r1086/dpo_duel_reason.jsonl --out-dir /root/r1086/train --max-len 6144 --epochs 4 --lr 2e-6 --lora-r 64 --lora-alpha 128 --beta 0.3 --max-steps 28800
6, 1 MiB
7, 1 MiB
