stop 174186 (/root/logs/vllm_chall_r1088.pid)
reap done
wait free used_mib=0 iter=1
TK warm
r1102 train.pid=177102
[r1102-lean] 2026-08-21T01:20:47Z start GPUs 6,7 SoftCtx MidRank Hiβ Hyper HiLR
[r1102-lean] data_lines=604
[r1102-lean] wait VRAM6+7 used_mib=0 iter=1
{
  "utc": "2026-08-21T01:20:48Z",
  "axis": "r1102-vera-offline-dpo-hialpha-midrank-hibeta-softctx-hypersuperextrasteps-ep4-hilr",
  "base": "vera6/affine-5g4yy75zuz-t6@8e3f1695",
  "lr": "2e-6",
  "lora_r": 32,
  "lora_alpha": 128,
  "beta": 0.3,
  "max_len": 12288,
  "epochs": 4,
  "max_steps": 38400,
  "gpus": "6,7",
  "chall_port": 8002,
  "parent_signal": "R1088 SoftCtx MidRank Hi\u03b2 Hyper MidLR REFUTE m=+0.001775 ~0.69\u00d7 thought\u2713168 B\u27130.45 k=3 \u2192 Hyper HiLR isolate (lr=2e-6); \u2260 MidLR R1088 / \u2260 SoftCtx MidRank Hi\u03b2 Ultra HiLR R1050 / \u2260 SoftCtx MidRank Hi\u03b2 Ultra MidLR R1039 / \u2260 SoftCtx MidRank Mid\u03b2 Hyper MidLR R1083 / \u2260 MidCtx MidRank Hi\u03b2 Hyper MidLR R1085 / \u2260 Online / \u2260 GRPO",
  "decision_rule": "Stage-5 iff fresh v4 n80 margin>max(2*SE,0.002) AND thought>=80 AND B>=0.30 vs reign36"
}
[r1102-lean] TRAIN launched pid=177102 BASE=/root/hf/hub/models--vera6--affine-5g4yy75zuz-t6/snapshots/8e3f1695e058837ed80fec3238ff439fdc2d0f0e
[r1102-lean] wait→merge armed pid=177107
[r1102-lean] MERGE→n80 waiter armed pid=177109
 177102 441077231-17:10:56 python3 /root/mining_src/s4-h138-f43-tok-dpo-l2/train_dpo.py --base /root/hf/hub/models--vera6--affine-5g4yy75zuz-t6/snapshots/8e3f1695e058837ed80fec3238ff439fdc2d0f0e --data /root/r1102/dpo_duel_reason.jsonl --out-dir /root/r1102/train --max-len 12288 --epochs 4 --lr 2e-6 --lora-r 32 --lora-alpha 128 --beta 0.3 --max-steps 38400
 177107 441077231-17:10:56 bash /root/mining_src/r1102-vera-offline-dpo-hialpha-midrank-hibeta-softctx-hypersuperextrasteps-ep4-hilr/wait_r1102_train_then_merge_p4233.sh
 177109 441077231-17:10:56 bash /root/mining_src/r1102-vera-offline-dpo-hialpha-midrank-hibeta-softctx-hypersuperextrasteps-ep4-hilr/wait_r1102_merge_then_n80_p4233.sh
 177110 441077231-17:10:56 tee -a /root/logs/r1102_wait_merge.nohup
 177115 441077231-17:10:56 tee -a /root/logs/p4233_r1102_merge_then_n80.nohup
0, 166632 MiB, 0 %
1, 166632 MiB, 0 %
2, 134924 MiB, 0 %
3, 134922 MiB, 0 %
4, 85810 MiB, 6 %
5, 69204 MiB, 74 %
6, 33706 MiB, 5 %
7, 33682 MiB, 0 %
ARMED
