stop 153582 (/root/logs/vllm_chall_r1065.pid)
reap done
wait free used_mib=0 iter=1
TRAIN_PID=156600
[r1077-lean] 2026-08-20T21:02:07Z start GPUs 6,7 ShortCtx MidRank Hiβ HyperExtra MidLR
[r1077-lean] data_lines=604
[r1077-lean] wait VRAM6+7 used_mib=0 iter=1
{
  "utc": "2026-08-20T21:02:07Z",
  "axis": "r1077-vera-offline-dpo-hialpha-midrank-hibeta-shortctx-hypersuperextrasteps-ep4-midlr",
  "base": "vera6/affine-5g4yy75zuz-t6@8e3f1695",
  "lr": "1e-6",
  "lora_r": 32,
  "lora_alpha": 128,
  "beta": 0.3,
  "max_len": 6144,
  "epochs": 4,
  "max_steps": 38400,
  "gpus": "6,7",
  "parent_signal": "R1065 HiLR causality_fail B=0.292 + R1032 MidLR LOST near-\u03b4 m=+0.001428 ~0.71\u00d7 \u2192 MidLR restore + HyperExtra 38400",
  "decision_rule": "Stage-5 iff fresh v4 n80 margin>max(2*SE,0.002) AND thought>=80 AND B>=0.30 vs reign36"
}
[r1077-lean] TRAIN launched pid=156600
[r1077-lean] waiters armed
156600 python3 /root/mining_src/s4-h138-f43-tok-dpo-l2/train_dpo.py --base /root/hf/hub/models--vera6--affine-5g4yy75zuz-t6/snapshots/8e3f1695e058837ed80fec3238ff439fdc2d0f0e --data /root/r1077/dpo_duel_reason.jsonl --out-dir /root/r1077/train --max-len 6144 --epochs 4 --lr 1e-6 --lora-r 32 --lora-alpha 128 --beta 0.3 --max-steps 38400
6, 4 MiB
7, 4 MiB
