stop 151818 (/root/logs/vllm_chall_r1055.pid)
reap done
wait free used_mib=0 iter=1
TRAIN_PID=155605
[r1076-lean] 2026-08-20T20:50:51Z start GPUs 4,5 SoftCtx HiRank MidLoβ Ultra HiLR
[r1076-lean] data_lines=604
[r1076-lean] wait VRAM4+5 used_mib=0 iter=1
{
  "utc": "2026-08-20T20:50:51Z",
  "axis": "r1076-vera-offline-dpo-hialpha-hirank-midlobeta-softctx-ultrasuperextrasteps-ep4-hilr",
  "base": "vera6/affine-5g4yy75zuz-t6@8e3f1695",
  "lr": "2e-6",
  "lora_r": 64,
  "lora_alpha": 128,
  "beta": 0.05,
  "max_len": 12288,
  "epochs": 4,
  "max_steps": 28800,
  "gpus": "4,5",
  "parent_signal": "R1055 MidCtx HiRank MidLo\u03b2 Ultra HiLR REFUTE m=+0.000694 ~0.16\u00d7 thought\u2713200.5 B\u27130.3875 k=3 \u2192 SoftCtx isolate; \u2260 MidCtx R1055 / \u2260 SoftCtx MidLo\u03b2 Ultra MidLR R1029 / \u2260 SoftCtx Mega HiLR R1040 / \u2260 ShortCtx Ultra HiLR R1062 / \u2260 SoftCtx Hi\u03b2 Ultra HiLR R1073 / \u2260 Online / \u2260 GRPO",
  "decision_rule": "Stage-5 iff fresh v4 n80 margin>max(2*SE,0.002) AND thought>=80 AND B>=0.30 vs reign36"
}
[r1076-lean] TRAIN launched pid=155605 BASE=/root/hf/hub/models--vera6--affine-5g4yy75zuz-t6/snapshots/8e3f1695e058837ed80fec3238ff439fdc2d0f0e
[r1076-lean] wait→merge armed pid=155610
[r1076-lean] MERGE→n80 waiter armed pid=155612
155605 python3 /root/mining_src/s4-h138-f43-tok-dpo-l2/train_dpo.py --base /root/hf/hub/models--vera6--affine-5g4yy75zuz-t6/snapshots/8e3f1695e058837ed80fec3238ff439fdc2d0f0e --data /root/r1076/dpo_duel_reason.jsonl --out-dir /root/r1076/train --max-len 12288 --epochs 4 --lr 2e-6 --lora-r 64 --lora-alpha 128 --beta 0.05 --max-steps 28800
4, 0 MiB
5, 0 MiB
 155413 441077229-16:31:28
